{
    "desc": "* A stunned creature is incapacitated (see the condition), can\u2019t move, and can speak only falteringly.\r\n* The creature automatically fails Strength and Dexterity saving throws.\r\n* Attack rolls against the creature have advantage.",
    "document": "http://localhost:8000/v2/documents/srd/",
    "key": "stunned",
    "name": "Stunned",
    "url": "http://localhost:8000/v2/conditions/stunned/"
}
