{
    "desc": "Typical speakers are demons.",
    "document": "srd",
    "is_exotic": true,
    "is_secret": false,
    "key": "abyssal",
    "name": "Abyssal",
    "script_language": "infernal"
}
