{
    "key": "wizards-of-the-coast",
    "name": "Wizards of the Coast",
    "url": "http://localhost:8000/v2/publishers/wizards-of-the-coast/"
}
