{
    "desc": "Radiant damage, dealt by a cleric\u2019s *flame strike* spell or an angel\u2019s smiting weapon, sears the flesh like fire and overloads the spirit with power.",
    "document": "http://localhost:8000/v2/documents/srd/",
    "key": "radiant",
    "name": "Radiant",
    "url": "http://localhost:8000/v2/damagetypes/radiant/"
}
