{
    "distance_unit": "feet",
    "document": "http://localhost:8000/v2/documents/srd/",
    "key": "huge",
    "name": "Huge",
    "rank": 5,
    "space_diameter": 15.0,
    "url": "http://localhost:8000/v2/sizes/huge/"
}
