{
    "damage_dice": "1d6",
    "damage_type": "http://localhost:8000/v2/damagetypes/slashing/",
    "distance_unit": "feet",
    "document": "http://localhost:8000/v2/documents/srd/",
    "is_finesse": true,
    "is_heavy": false,
    "is_improvised": false,
    "is_lance": false,
    "is_light": true,
    "is_martial": true,
    "is_net": false,
    "is_simple": false,
    "is_thrown": false,
    "is_two_handed": false,
    "is_versatile": false,
    "key": "srd_shortsword",
    "long_range": 0.0,
    "name": "Shortsword",
    "range": 0.0,
    "reach": 5.0,
    "requires_ammunition": false,
    "requires_loading": false,
    "url": "http://localhost:8000/v2/weapons/srd_shortsword/",
    "versatile_dice": "0"
}
