{
    "document": "http://localhost:8000/v2/documents/srd/",
    "key": "common",
    "name": "Common",
    "rank": 1,
    "url": "http://localhost:8000/v2/itemrarities/common/"
}
