{
    "desc": "Chaotic good (CG) creatures act as their conscience directs, with little regard for what others expect.  Copper dragons, many elves, and unicorns are chaotic good.",
    "document": "http://localhost:8000/v2/documents/srd/",
    "key": "chaotic-good",
    "morality": "good",
    "name": "Chaotic good",
    "short_name": "CG",
    "societal_attitude": "chaotic",
    "url": "http://localhost:8000/v2/alignments/chaotic-good/"
}
