{
    "content_prefix": "",
    "desc": "Original 5E.",
    "key": "o5e",
    "name": "5th Edition",
    "url": "http://localhost:8000/v2/rulesets/o5e/"
}
