{
    "author": "Mike Mearls, Jeremy Crawford, Chris Perkins, Rodney Thompson, Peter Lee, James Wyatt, Robert J. Schwalb, Bruce R. Cordell, Chris Sims, and Steve Townshend, based on original material by E. Gary Gygax and Dave Arneson.",
    "desc": "The Systems Reference Document (SRD) contains guidelines for publishing content under the Open-Gaming License (OGL) or Creative Commons. The Dungeon Masters Guild also provides self-publishing opportunities for individuals and groups.",
    "distance_unit": "feet",
    "gamesystem": "http://localhost:8000/v2/gamesystems/o5e/",
    "key": "srd",
    "licenses": [
        "http://localhost:8000/v2/licenses/cc-by-40/",
        "http://localhost:8000/v2/licenses/ogl-10a/"
    ],
    "name": "Systems Reference Document",
    "permalink": "https://dnd.wizards.com/resources/systems-reference-document",
    "published_at": "2023-01-23T00:00:00",
    "publisher": "http://localhost:8000/v2/publishers/wizards-of-the-coast/",
    "stats_expected": null,
    "url": "http://localhost:8000/v2/documents/srd/"
}
