{
    "desc": "Your Wisdom (Insight) check decides whether you can determine the true intentions of a creature, such as when searching out a lie or predicting someone\u2019s next move. Doing so involves gleaning clues from body language, speech habits, and changes in mannerisms.",
    "key": "insight",
    "name": "Insight"
}
